796558832
80642969
639768526
225670627
237062896
782829681
136567241
163009398
720119472
762232600
736262751
909820640
558284003
627065271
486050795
523887968
353697335
16789410
992265448
823475107
788724264
529410355
343862188
870519097
402114396
744659555
858963097
242450536
365170078
858080474
489736723
119113278
748256871
976868060
938532392
831490515
690018577
230979178
10298982
537968858
821689109
527342917
312900433
821269926
559608402
331592602
706680228
695609915
770619125
267532028
68990526
826776236
218009250
216568981
604350419
872164871
214878181
442439542
710857332
581076555
630979062
748590631
832510085
25745042
897137955
523040100
123421205
576380175
749330618
936957849
733065852
462076115
668005382
102054734
582351933
457027104
807277409
741867102
417477410
274435880
702977325
801358354
976680320
342301506
51467379
699613286
373266902
300106784
934931438
401952498
357242454
94741086
745301257
62100348
899806795
136035856
590872512
568956809
811641420
423207465
291852238
864470315
802054332
109691146
841159043
995093194
946997206
329576098
677132812
954659243
48102841
698268335
802662415
988117903
71160887
769541533
738854044
638605246
107457986
958343620
168221009
421421864
225049843
156102796
874851210
240564180
660292847
644412286
492431369
773963952
687931061
443990710
496719321
308462673
491161546
533086473
535405404
101014108
979485945
737659789
987283402
10503404
140835845
433562822
692495844
498012624
89184979
258554649
871609715
531921170
110183590
891835280
949712474
981136529
874174326
656156932
920243944
266784353
259889315
468655984
561964409
16932116
768406350
252869893
6447204
408851556
803572114
640412693
464820209
24073697
978369934
306659507
483720527
318391052
622778133
994050796
109306208
894228027
464539561
891535888
961932493
107185997
575931783
530090007
606044447
562907291
963726522
462610597
774165403
679640701
288930044
368335883
537211102
511878892
95777072
127440807
577556805
384124800
583438607
993087165
578416384
620383409
695730849
336595644
118947302
296265048
286438490
642275502
66904343
672011279
763729744
946295980
812115212
117995091
49767508
670670487
431666047
442907909
331892886
623480846
571647553
969596173
663433787
35107725
242433484
403791665
706955133
525567125
731245469
291671125
189122847
734257751
700311123
819723264
832914631
458731453
157023026
616646870
136520217
873948544
462732467
222037702
845382905
336283444
811838076
973245843
994914628
315040529
333538351
10567695
902530632
187738849
614718022
625489981
652833327
91449813
739547992
345093581
121644143
577119986
186166258
63513185
352695680
810093617
256440912
192519365
451691482
117283781
633590070
861445742
99258550
284114229
458982059
419472715
600865154
967142060
123264278
906751070
33440432
419696502
121715178
482012958
384640927
594208720
510669575
674905643
242423428
353337540
28642558
406930348
900831485
451078037
846599943
422006197
35985952
279207950
192232186
313393778
989077509
771223253
973981830
59305697
113202235
761288406
545237181
555061191
803527648
982905457
910733536
841344383
562323431
539814101
777642621
398959578
762369059
464769470
174806857
540564369
794190393
138899462
103951507
953850915
296754551
588158846
545305983
981536448
91669595
917139649
433491931
633428087
746398904
552169496
105335218
206048816
644388924
454210874
455881519
229633736
663999702
506074378
182489626
59778379
363080102
207715991
119256256
488195963
561458135
588064083
866335186
833773621
371707817
305808160
786669270
986871280
976383736
141067932
892685499
70104230
518057410
513073311
869026617
276681997
435944187
376396434
882458381
713016547
384514533
475339423
439327865
305762004
256184058
583689969
607171830
223054979
474558921
609896068
272027465
996972015
647319855
483462987
411224623
762693326
314972349
956872837
174219017
621014529
842834097
33921817
422265232
187597149
288334949
235771333
323579984
436092382
742096601
730361462
380261008
494558049
388851735
326505980
906779491
942372412
666262614
582357864
977974093
680838980
30945363
644464792
243859186
969712316
218631970
297095666
811158418
376756419
558845289
102714304
707856092
944461110
879423061
55839704
852449535
373903848
869052338
827107903
408929985
335490067
721602005
951681768
192920163
632986390
654655577
473225546
153271976
318422016
345537074
200483372
541008622
890384285
386269724
483495024
285910939
454386508
297809581
429845231
779582179
64094301
539307532
5583827
588097330
339879026
224025772
75365423
208256617
578387774
223082471
981951439
932505574
916828534
996341481
702936921
414999540
257748815
878355773
204406494
891531650
634713531
530415460
167509087
510421637
570698384
967223173
219366491
287890428
44506173
960682397
418688615
113241952
613839971
527657289
576068105
373850565
733514233
577322808
718520819
323786485
107038898
164984129
35319439
886211670
916068720
331524701
367496564
765173520
840314422
574371132
175911044
179026582
828021399
921590986
393132174
738762013
924764179
616112875
325395090
210770244
795874926
126332117
69832923
243209127
561295851
455845781
96792988
325706132
800415582
614540269
332090975
631177281
465596677
23799038
315317807
696693711
479100887
149273278
428052326
149323431
266020502
581912670
899883109
112892477
667948966
484382871
298872054
651020809
477798426
435054829
107758554
794401384
15874568
257298520
652331011
310141618
228483167
527749853
840573862
407515382
879798026
885742265
196543291
130645610
896707444
957036561
977612347
450794016
317182484
762714495
447105788
987884830
885707486
496142886
11391294
537431831
882200812
684228465
442383611
753352876
219612167
839957353
629486669
995808545
83693827
145693847
405618788
895691
105705245
981309995
711453808
270272609
643323698
154103909
267928217
221162367
410858055
309546829
147730511
364086452
112855754
837968724
979068710
246587351
309036187
483419030
429343541
752016411
715837560
658072172
808438798
905922794
808342435
814171380
174965284
935936530
299056120
79228039
128072392
200163517
248446767
118019611
486182114
499393531
524935893
949148333
578378655
393042953
682949896
806484606
366548512
146969430
655363539
867789198
642124061
754053448
378377267
194312177
480944848
763751123
507374383
274865284
940303748
418452925
44398522
436234278
788748358
724057651
155969312
305445529
12165294
963388562
166592079
705139732
819336395
719412494
914305477
547845443
764069357
124759829
452041556
793170350
724785183
726238976
649180415
787344122
660269518
830782363
238717318
333272119
200181009
292721514
23856428
217855269
595598215
793382428
768027599
882339213
276469576
660282277
532111948
933636064
578310913
131247698
772891376
56709011
275326274
746850892
118243507
562029677
303334086
917535003
712605941
922642174
721190619
762500861
533150548
151467959
809906188
790182027
204885217
157315558
787192004
285109536
328950782
556511692
326716521
656135208
5866576
673234186
72615891
749420488
58301816
512097299
932297100
152788174
826331748
178464279
369974700
800635218
533032341
548352972
907756961
758752623
78078825
779855062
549174990
702563397
464737065
671580210
152397821
522287934
308765058
395045958
113293574
445488978
921347004
125904224
511472184
670535923
176700733
527826003
935209592
887494275
265051528
940097029
604055679
613853204
672253521
961327481
72215024
980240027
82965660
636346899
555574800
368668561
713061578
517128664
204621258
517452687
586894713
31012329
132281342
29655462
554665402
280903785
774474133
331107198
890501425
661417725
757027479
369453780
946170069
584910176
507110279
127108409
102480315
525300627
106645328
269856915
435892355
927693469
501968138
72857919
977149616
913989577
751668669
146257271
674237792
406880721
50179245
338698964
339371137
298512655
184566764
839233518
15982932
30505760
206218581
546556949
324755959
94647079
487579390
534937920
796161325
116300436
736440452
205578880
551551364
61268024
810523389
342264485
639580880
969137233
139550202
131419821
207784759
489493003
997752826
136885140
132822284
172320219
786279303
186505386
987542273
136050982
664897710
530714047
918631552
496028682
799240713
870455628
836372859
366263466
749651184
959193329
430606220
496689378
440300261
936373184
34384568
674428148
211437724
645423723
782026232
403340001
586029015
992705377
115579831
339006077
730371528
689454723
963628465
189823559
28453565
413096879
774886987
42479220
373728344
543165366
240111722
159456429
16533363
850336122
453903559
131745763
696975328
195614233
967419497
750019124
76408837
46772517
115330025
825916772
835287501
169739719
357962522
775240341
801167468
629808548
364617981
145775855
392077991
956715418
690165001
161990850
616418219
226982479
526308728
272006862
183553195
175594209
285375453
528061453
778170520
563199874
361733595
60744191
718526444
891821173
330140160
126879154
785667807
678389383
119265333
54480756
484959120
259643761
166076191
498656147
180929051
543838103
166974891
159346288
198447405
581589052
251193580
702215262
543800819
714096601
288983632
452667667
33330968
457979385
574414132
677657910
412723911
649645510
304292557
542653653
422096134
805223693
198110902
399420496
452424761
196252632
540155057
964753127
970792260
948708974
757155088
204643978
624365542
517210913
274855542
877529449
35393381
152596713
270573549
669148913
192814472
327600643
868793180
640917800
809557028
717431381
440673712
361693093
421243325
15865377
833141034
688579435
21394612
656757316
427599145
822107873
509159543
116247404
65067912
912305516
76610046
585437844
387535491
671453013
57492927
571215684
252876560
980094679
876760343
985124863
485383283
628330867
989713959
793221208
259967116
895342551
49292522
529612967
73168858
848155242
241049222
414049172
709505900
930049786
72510835
607660755
801885159
452638548
767219349
948930488
470758394
843482980
481003820
979052594
655621675
736687642
823267845
89780058
220812394
669760171
53930994
685607338
241076277
460140504
745822485
421026743
410867080
96616491
776481683
120642907
636788019
298337972
806430578
832304526
517409697
572523171
498756410
345688994
480622718
69865838
576602555
209268198
333539402
511861203
9143808
723426488
713391851
778877602
271698724
205391778
564377870
957534088
379529750
206826248
259288730
370807260
829653790
708274239
94949939
633001756
553644149
888878187
274742536
244390690
359762973
670638982
954131413
414980929
547158706
510629004
11298581
121004626
367608876
770081843
678204984
185488821
182209457
680126509
173138744
129473866
654762863
802713983
209042968
196352866
484326994
899040899
391675515
305803007
222428257
16497027
296046663
836539428
457773442
250838371
464026927
743050905
739088330
176315349
183107549
636950279
872999888
550016696
454090982
329675868
97594656
140715059
632725013
454934551
890312839
987712212
651284037
546598457
59159715
671486361
451996318
927828464
985664230
686167048
441187540
678267177
795388978
490384249
295518408
967302005
239162909
910477012
467869346
59748697
498093749
764700762
427420894
213393859
85911772
431449424
147694975
708929307
108376823
478603692
158999588
228435504
434324199
957543782
921680587
365445345
833256763
351605953
334999438
480874367
35454938
965204593
538747780
800260189
854253639
184241367
9270646
428793953
735842413
815389757
758331884
981447893
967704745
876001720
189874217
932545173
247225006
835619141
342340531
142018468
759743109
990146623
851663903
494492652
107138786
118199258
161371790
682571683
143796388
481224938
425628021
771154721
384326958
857334609
214000637
414405740
53291157
22432891
905876855
656870383
810027273
986309892
509446081
637043784
656335667
504523892
666966521
262950314
904088758
302948241
688919441
863029244
986472576
441713413
938304463
56582851
253617649
286263843
963924265
617058705
915574241
837705499
678686684
992984708
387666603
566012446
579430714
122917405
818188808
346977168
683529690
691993287
28642793
145617475
632795202
304698024
505512062
715221122
885081999
919943703
225329266
597341000
391125733
935864999
375778625
715168549
257712912
497574268
182695598
922361039
83429397
183084302
546053984
921939618
454413261
459698427
556353061
211186493
678765922
382771281
622416779
944337760
606552871
28425560
557765978
251738781
393948422
502612173
756854948
902835396
30944233
504265218
702005319
458853938
639725231
109107561
713953943
865906637
928726420
878626258
220270194
319579656
350206061
223503347
186635904
203444254
493450237
378915406
872861862
620350576
950768964
185548982
326509783
901325172
146346048
828764838
876735957
86223666
386308589
541435193
39806386
647273203
608735668
700036546
754036747
73431019
156801684
635178624
884539446
151710931
531361036
788716669
742964033
663100394
293652776
520952248
659455856
784090167
917917045
258000470
642360903
279082378
31220982
619179248
404110259
453806064
404076684
234870040
61666713
300429412
267824089
605688849
308607300
111583866
762838155
818439439
491192449
630604342
454430751
505865821
174040877
453118497
527129744
156872127
858378098
773429375
897248845
551178717
337140423
696441592
679113908
360378301
643803207
91401348
213250721
567271557
895350787
847416141
94116633
829572939
865605708
174739720
121050356
219158744
874827188
636370627
411218986
792221561
705512059
411223365
831923744
988373983
985942465
120125027
220418532
981524693
665475382
64075840
891869566
134846836
489929636
583920225
767336843
969910327
831200307
517557288
673790211
422348511
153017189
517260237
9349165
159582857
589586138
480390330
509368802
270744592
230593594
946178365
286369666
120887044
346348444
622078292
186832543
637876418
481119966
598486584
303604829
893452946
867478585
507832197
67014366
152233903
282674909
670728160
791408667
374610880
952409325
69438356
887656864
376603207
367052045
459733578
123881664
606749431
910370247
926407861
281716686
932580100
155151899
890934620
258337298
604746233
372048851
697910823
908222295
393785589
251811525
283704726
714516742
659851683
801537653
421977287
439315783
316183789
208849531
713246516
609074915
247129900
236641628
636462480
929143001
511811256
323119569
993894054
929704197
269582639
645378974
478318239
358749066
199907565
942499943
573326582
468776922
165322780
261270306
267646523
684725383
823615863
326376183
414916185
896978080
667688272
475854504
756166047
466014757
547737192
559311252
860961959
845092773
992585583
47261645
553982704
846224652
722758245
350272409
328251003
448049711
493292646
975321112
962371848
746969508
881379360
245091564
607099430
55291835
390652525
622179018
526204833
536669226
8822497
993576520
388195897
229943012
852636597
59292099
778989410
438236870
270965117
932872339
39458560
620743328
544961622
711928533
940239484
318286136
604638187
305093162
664977846
828032065
478916784
564054539
565379210
71993266
697223608
595075297
447062486
592394628
486166241
744552634
46573702
771370690
821238924
353046484
359082851
33411468
384019707
105955272
428610200
253203206
835933159
144209362
91173760
911376162
858417453
151814519
991661035
476071191
802303962
712889444
121973337
514135969
811960041
983734356
711519167
292474494
938822688
342482606
80104081
85746554
326750109
542108646
178130004
703271027
424229294
183252488
7360119
133616175
866734659
765460531
884494262
338714824
12628224
573485527
700479185
574951397
568133058
800213308
356804048
53882892
154177710
542560334
425013831
390459640
40181636
381435755
821941059
467875982
583901485
523068838
31829621
218942280
980530040
852015225
117845670
693438945
141891181
732857792
564846369
741098546
865137664
93848141
786358261
892667955
584056906
596288429
930635637
575757218
512959907
38879323
564222635
376988140
778260707
210919951
512160338
226529696
499649633
152516592
803970893
825020302
647505543
271639008
904138605
165437469
675123219
770251084
144086695
650263365
576959512
279561783
236677836
886830812
96924861
844759883
392475197
857495891
90781902
129485410
217049384
987552046
153018816
204512235
650591533
77555108
159952447
96222545
755666947
363343512
914862411
546656826
831603734
713867482
582205023
822661350
515327857
994280696
11086191
474155518
304026907
413083992
406089949
866731132
666141825
370325736
260418305
138947445
942287583
903956842
31432568
224995788
438775139
252946996
596858667
313460244
483535549
511062345
252901714
708645863
758206540
292056108
700966898
248749702
681522922
667466608
905963301
973000073
198657461
456530027
864859085
907812353
849343908
832797048
285788290
185662209
834453299
761361845
50321442
15399450
761389639
225481254
228243923
39256925
805737295
572501252
34029342
879862865
787885407
853110514
974298191
559573320
896875360
624311291
475976132
455165953
718730582
829872582
208428531
437001174
448643005
59349195
568879354
441732768
576723867
601018876
50705757
319283701
142993032
380126788
267948410
18146313
402705043
498046802
477568630
433644641
921750691
312467483
713280464
256961275
432824350
294964203
166425064
236564634
778150372
141177745
157235134
471364580
92484584
1307421
439975657
876672544
540584706
290961588
841946474
441350180
160814938
108683380
711463733
343870221
941802935
957225078
911861041
978453584
507714410
801630658
503786967
268802962
85357157
343651892
87474562
103054223
119186163
182946462
295585895
681258660
975179767
722877942
862597270
425850287
460609828
550767461
923032090
918810267
811836722
577668917
609245145
115393459
520668225
570381150
767286569
833694697
130626634
549252291
898021131
729000168
502232119
597665432
672823607
26165596
725939871
278012468
350769027
65465978
534903604
771286839
174078319
285275893
268421343
537249255
508663772
229452577
801080082
621307375
712993118
752450773
64736773
425061455
334591584
99405029
440426878
78606025
543930753
963044178
754317858
495917164
972680060
650917566
101537794
682541570
341579807
22667049
65029050
578105352
427540864
765097603
582306683
795586363
579443440
754718261
606003022
346002492
39073951
552730024
660466310
984138944
60965846
522668100
404619958
286652488
922822040
951784247
952222328
144277735
425719526
153040767
646726889
876459000
362708868
933312345
42544471
954729791
451317900
572594042
518657504
363947976
960133242
67292065
978283683
691667765
617992659
98478647
465081048
849012859
572319047
535753183
973731656
148095980
83898687
802870724
709299118
931285683
76386705
365887931
540532793
440308336
407881048
741354336
406662741
376370924
671831991
512728402
495072246
416368486
73615710
450785842
467874169
343233429
700429705
114174951
825552766
284516884
773422807
137309368
550517347
930877826
955000779
222704604
565490755
668656432
495961883
527527352
909801130
84779548
714253566
153300513
199373313
606794028
718266932
937602196
342875329
78632929
167264037
697405758
64691531
24588654
227665106
828904335
750655533
56412648
24030230
107758138
732337832
756186425
235559466
966230706
21835684
963581383
154559690
182581761
683965057
424965191
56413244
445126224
215656884
644570839
944207700
377721285
315690422
656588850
359418948
854470978
14076129
963446321
817521241
746741127
250579296
508248545
871243387
410349809
447691660
108177716
106334745
383595880
116532796
411067172
77611892
581329704
561097582
56905302
740123268
871317205
743074806
687058331
783800412
730045419
435379448
516432504
410610882
863655458
646944988
446877726
165266459
46454248
562179332
429541960
596727081
242571941
188432453
985339907
133081065
340864747
382785162
477175679
167088746
520797738
456050273
646588291
660496484
674808950
916209005
248937985
719987780
822064411
355476736
892175460
155976157
275084568
293745175
780745559
264091981
356892626
748445086
211010688
425982486
19593922
698690934
920712130
569308108
145765054
805344062
450482988
290543867
924429015
108637223
125375705
230759334
593658449
911528438
358467198
242287108
506025794
550925334
934897992
850888143
39784153
887152151
655585406
66486785
21179672
297276985
181847017
407518991
392162796
901052885
417271118
46758602
814042703
967056515
830052687
373287404
604674136
918420612
759723311
643460205
478491639
420562065
11553129
523107228
638646763
115010929
382027335
250201193
123027766
606081479
49034667
294762754
64199062
638172187
935712898
687076550
594726208
477707910
179133934
917692007
596841743
22062976
389916867
256487605
621157485
518225453
499159577
873566999
286555821
580600674
759552396
127406223
743993574
718448711
927203414
506002278
570931282
544581778
468521768
477533284
438564012
63206010
256594378
430331155
797756434
756403888
609044682
73634186
270395700
667007215
92649327
949809587
840506130
531278561
718298596
757275760
3648257
608401545
867534153
472370707
894299419
24807374
198437863
886737116
975039312
329728614
215561713
896733436
179364883
69428573
1728021
638026814
31008552
941660178
383113324
522105805
232651324
961468657
529937793
585798107
36029749
670958183
565028816
276602977
334762912
950036272
931606412
275559990
36235906
571435883
632229901
721571038
237497746
790754681
93960436
742490286
162232905
545845788
241963128
923192285
721995526
966870013
643017126
253387685
939594151
354732856
17442759
6791687
403448061
781589452
406191931
50450674
341228328
27383361
446739090
172593517
913349323
120260599
470083062
943629369
108501972
753779178
17672382
843708846
879703143
412282366
685861392
488603602
520385374
526853053
736513970
545394447
646390312
820940953
436463246
106924451
284071575
670089866
76562414
120154288
54125883
333360967
171953535
77660018
54620300
762644803
163396063
693242752
731273615
107031746
387521225
907495160
983573916
287943471
286833182
860930598
783179349
970330332
270666936
7028094
337228086
162524105
527172704
189992128
485709344
320298493
945478974
298270033
986211843
846952501
678205306
415461009
997341364
705292820
153919958
717188989
391694629
297363648
436516794
388348503
177669547
332600969
477244227
559284451
896261001
186055530
954313178
479261616
184383679
853331345
206090103
720316842
585489728
620568269
824333440
888551697
403362719
392176687
717831974
144955752
512385191
659478162
154926380
798044860
499373621
435510316
131272529
471043200
832286877
51329014
897489504
800167335
76739526
22129417
342158256
62754082
31405233
978140042
964879318
40475938
810779755
514752713
942157776
132261857
31541388
47728507
808851526
188733688
149213459
85944526
82783653
768986417
458918708
451899844
571863706
447168723
376795465
863186242
606925029
514216434
686955503
474665508
662532001
102457989
465490943
678830215
801911233
178606423
27972866
346741104
923068571
657450108
382779277
353887072
924399209
919727142
588071678
846897344
740425474
401726570
171417309
877887438
65728981
642879835
265312363
892880565
794455071
248949376
431888460
111595980
361801949
326707044
309200938
763147511
912020019
249826965
335698706
943131139
403955868
583229295
69642018
504960770
535682963
48831549
938318708
726640150
745299990
540523347
211632976
150064362
699782341
572066013
363742040
78275642
239827639
426280881
461788101
76836795
830083058
350792759
692960124
755858208
400516155
374153625
784855527
466227659
139561894
303223008
753845306
45025518
143176766
509926198
958906339
28272702
677886366
595061330
643157234
26764198
439681332
552048931
742428396
746129775
131723946
314793882
206631609
221340256
664745564
469885342
795156695
195901740
50946287
759536294
198192325
328042080
408465591
320825215
802804953
602086036
764726398
286829374
437716323
263376700
744753992
456769262
586661865
588098713
745695169
778385680
179113190
55768995
291924341
844615895
819208192
351554454
873368487
759484579
96345389
943251554
14048067
981302186
794504473
837118388
985885570
446144554
867310230
632515920
94377724
431929567
677021817
432948971
863064008
938492232
618394594
640543323
942410282
886550696
82799708
844557104
76553055
630438114
515351465
87547019
949693415
15856259
571890457
358284803
129284013
424661390
555952632
615330249
595555007
215909219
892984836
970141135
413850132
432281873
171552006
193129073
515242467
592645193
917901591
615205417
153989565
309714872
698904752
950672431
989857311
306672835
274950314
511237605
458156965
282378798
522599981
839589679
529862260
515357917
191482603
790870177
74376435
742902844
535830819
805320041
856517354
445804682
720935103
557823410
627281725
382511702
828433313
341184503
486162762
762589197
940961230
265621079
141625948
932105577
627080578
177029097
24766198
325931742
898322394
955918800
864099518
993329417
8825606
5726405
463128928
677969651
466480063
350399358
673582224
737276169
561899775
366964062
541767189
335801190
841733927
735043386
117728824
545260076
877374593
568494310
235014222
253297196
656968383
475720977
728823023
468054119
530157725
457890251
242753734
215143962
41096416
28984113
39330554
816696311
749011941
659498534
69547480
115717738
529108706
786896950
852402960
623429553
715149982
404560557
553357789
894444121
945116602
244423517
966305944
218302140
977059455
95083381
152080813
551820562
876422894
264428813
163367671
26427591
707179701
464458546
659843345
473499768
671633465
762406651
716396236
417892773
156907086
96331214
728412776
988882573
470518789
878466989
435004554
175796380
48960707
902319274
929730427
54367244
402159897
173358750
128245178
532799969
325100283
418114691
868932784
598619921
836136270
839850233
320455707
95811783
718999737
904523640
972392449
859090798
559277342
461195403
678029059
5301403
601176500
512295808
833508261
93568443
119968452
410625516
645429104
156933080
554138420
56631481
473774160
594458931
880793393
428768679
379355522
943999328
96741363
722924981
510030346
5807401
490039199
796148816
132410372
841112201
410860873
915192562
370773454
200856216
699831815
114706217
38531813
624836977
462984189
19893563
619885473
876709970
228185990
986333793
756926365
269130779
968659159
959891355
997798210
682059030
645581547
326599984
291990784
964965969
987758432
764541105
258389543
423556016
479918028
845998801
717884046
206580311
797653564
824018991
271618605
475283983
341081578
325219376
933094174
888546025
150974130
247105443
837471347
799971546
676071966
174986462
236575155
42906645
956197559
953248583
244297839
564958320
557619344
240717509
85071366
247177059
237629278
595859409
680980606
498626807
128408502
889236403
392751869
855880158
878917356
609877240
447213969
335058286
367539057
105504278
181463271
842069671
969529389
108818385
677037525
510900072
790998195
515444395
864011774
32960110
951999832
14558968
560887066
197906424
786631058
208670262
334257695
91144558
869177049
831577537
720074377
506321320
881961974
460345213
63894615
927684059
241300844
527693491
728209228
70785656
826463509
301154121
472231092
39897823
137882805
761055907
648853411
470372358
790896715
630222891
176262653
247374632
379003045
257667336
823755548
717390076
869379761
700101659
103680460
841285757
23089100
316900660
826814346
617311688
674137940
801484989
362021764
79352303
627905405
406536504
754977245
9740054
808705546
427414522
730031025
770279309
821479338
108460242
368627988
417833580
321858457
27407549
444645779
618601054
711602931
98702878
795554245
36413967
12253855
401914538
309019599
441588968
581908977
891606820
586372121
524111959
273667112
582155007
244589426
422670287
170145797
556745034
72477870
439461272
681159800
289229448
108723760
531528407
37396558
554840267
671776944
867385530
577345053
206927357
684364783
652427246
8143510
426866051
996851234
73152888
786237711
122564139
391372546
810270393
13116668
930935391
65372862
299931826
491020616
718457048
408771637
653719027
760262764
172557261
719621484
801832197
827285176
324037254
111271007
299320947
202120547
841320152
966323969
963852870
346186914
476289413
907286320
654827089
23915840
702020212
59369327
508971802
16887032
118811563
288888988
561534404
454950717
582303649
895245454
77632498
518492966
560178841
223553781
955665462
758570694
756145330
44732455
352267067
950330208
736397123
287660520
786943995
15173709
373643090
918977255
843268407
640088358
445518719
225629886
850861728
807619249
588828673
886939655
25267934
726492790
310481674
365213350
307679830
122165366
580018302
578636716
691928757
817707398
470955990
302901456
537919694
978148847
943674672
690421911
956952599
466306125
531184853
419749306
922389891
926444430
800930127
748710211
1051875
497919151
917135361
344605392
602585763
558704169
223658987
479030959
869015697
120609597
587411006
432100058
370803447
703541513
901668020
602486113
719007434
876900191
779990608
120616383
686151027
402476031
350268218
845608852
798076433
723166404
576062249
773373836
206422240
231474675
325007749
357726359
194814551
282713076
182778013
423402755
503455960
166093025
725788448
707759741
332874511
309821857
88731927
217936252
176423032
458986478
797813892
807815682
591076343
659627287
874212253
37533209
589915967
384266235
704696069
719660999
680117744
903368522
407861353
193134522
918731869
289333479
718987726
41526946
320253065
968525151
143491376
754396861
465354088
549966418
204977429
842313702
556945096
45849787
229290174
619290900
714133438
357480689
346379438
66892295
563787038
111669057
128745093
661621097
359180935
515865339
259208333
519187558
266217611
812579503
672245063
231659034
219613912
153144635
294564181
56469853
177060396
570915834
380706885
699681189
53677240
337358714
80118658
487083788
551323943
683114524
188422672
156469889
48542651
2154234
455409756
156106754
134268898
400123028
813385469
619878815
684830976
78454898
603383568
962981049
903313335
464066337
151369701
66115701
884172160
665562757
651259763
12509385
228816514
320500209
929689201
993368360
970324101
746563006
876619944
983069729
595265581
367968488
525848810
961598689
480516106
288471529
493997708
12492412
723195902
474485897
669252433
151033853
666053982
463811312
101133987
119788324
742576824
165161618
97107171
885692277
607309069
703193864
796716551
976759628
810229349
451197484
332541479
405438922
784485999
656654513
754303230
645433910
688745521
637322999
873311383
68376890
772618617
129345482
224605050
588486432
406099099
228220687
761383020
245188409
99221793
469293625
734776735
396703253
268703391
184239922
818947547
374404381
834444210
651303416
618760171
528091279
354930102
309486664
254219869
120569800
653017949
151148829
419280552
974033349
374460403
210808671
735944026
311855706
90570566
942473277
182499287
760112903
927136049
264388850
587110796
763173738
64148076
109916426
247666726
816036579
584878393
13686042
865672937
406684568
872374729
908270395
452615553
871609366
818144557
473128301
210978011
59899929
978716871
291897088
467012200
364356085
684574788
342429069
508006500
994036121
162677401
677617200
154303512
642109182
728498031
937273061
628187009
118386295
572978978
730781387
288095658
827715520
316351070
350359524
874718424
226867587
307365780
277035896
979405653
849845852
288573791
258734024
911899759
814675427
322350104
713800248
908981678
520715444
824892617
963194711
536165380
911293126
580549501
139475166
421631866
275891866
392738826
94941641
387816152
912837257
150003327
893519977
928486710
4222868
234622214
363510587
632961674
450507185
789790053
191986355
663253623
285528551
982970113
257419329
143837614
261678209
965320663
924107043
796233410
45370511
341764791
592712058
941921847
879130886
715036558
115964312
471132318
858964951
605731961
662159111
24271597
956364778
145802946
3722719
48821746
339707295
928498300
413655929
860993033
472382466
397013536
787601300
648056546
756193975
790316871
785914958
144574555
196950660
321282426
132439518
241297294
221700108
739299843
268295940
836564636
429756188
230884434
152152439
751385351
744414683
768395125
343115066
892264678
794916581
109365580
864997454
511979444
5148762
882717145
962684088
334728999
855497938
431161449
218631433
292310112
692045012
558908803
622710953
185311970
317993313
186331705
281050665
370442612
4428878
669708764
229855436
776874079
212369361
17535818
841940231
574744789
945489126
188087466
954878481
728639016
107880031
89392181
927825201
859909639
730346815
185235911
741611250
526794284
840545707
577279958
829397388
106598604
761809939
550773202
665842222
842418735
960778604
3980853
741449708
9907083
70240533
394060155
861979450
795067280
840848759
846186536
795541832
622539610
919705787
345319565
168796886
367021670
773972297
690412010
581377686
561272793
76381653
142899611
376880072
97864503
213743175
279050026
849475720
904018428
658792908
214836941
484954156
530574997
929181038
873395986
667921396
3835570
466330835
754487130
762041676
434988291
916003542
67749026
421263225
798550405
291743369
373593982
654674038
282366731
464447298
34387211
477784567
441845432
678084315
55370052
192132682
638540944
12152628
929211270
900466849
825815555
249746717
228559820
210296208
225380912
800926726
620411674
430053586
908285446
154251678
579697197
434967481
457849078
275734493
118862520
140890853
224257101
706963769
762899874
611101212
148429239
643036658
134512772
208561734
437907704
147365239
873631372
799453548
211864517
469742639
443302650
5495820
347129845
34453065
960513928
931573
919518725
545463721
214703320
421138103
211348576
26166411
173146178
986548000
597693699
973549205
123280417
983104220
13413446
412270398
235219449
69787122
197584551
657803438
430798737
364743846
913206721
455411696
622942202
291102406
769894615
819756524
146943194
879141889
205714170
771420524
815975228
329664332
237964291
774277179
431512250
223317199
741873060
825382460
364197664
223750253
130148927
959066011
866489210
593030483
505455843
651449285
708947084
646644097
284445334
53040976
99955488
258547019
613254869
331144744
851495699
321019290
148585394
481707896
640396068
170005553
684273248
628364748
697587732
957250437
436195201
901494788
950992225
333383434
277225865
396317836
468021705
646443988
341054621
854175247
962650972
638906786
492034750
215063741
293741677
634859542
402340926
267096869
566751772
620578824
142967296
705766882
993830148
960962780
561629510
116628763
965155979
550010327
50133973
7387943
94962543
880893111
900067325
440170077
629492057
603064386
495146743
221392780
721003695
944685244
497555966
951065074
45202370
382055190
93236006
547357224
877099175
656806330
958527107
715773357
554343621
82908431
600594239
323508819
330548503
293071111
188699916
559455079
313809801
225337791
925027203
893749913
158060251
625095272
148691680
435256680
870611549
358163546
864412059
472865590
794568411
615624850
720745366
257463949
830097364
295209209
226476628
169367787
354004775
703127273
94669362
562623522
764456123
519070707
256827042
56604469
915623129
704806663
508104771
653645199
589765767
440876870
563841248
850022880
184076601
26594063
362951391
418113564
791462742
705212665
392341134
252229327
235679263
831547269
985525024
776241047
767129312
775591356
276425077
9473990
931313863
995516822
193307198
33747501
48596098
580302537
354982625
646521418
47431487
185301162
387147345
377564119
512086032
460912219
587488405
452220044
474957775
371223077
446095152
584143628
384825024
709567481
783032811
223769332
307252114
841338489
209822301
541806493
638817512
255240403
50283734
886706846
214338301
169085599
648841018
296690522
124468076
50471477
291963732
345006136
960908014
746075092
63683693
486583203
681532919
168739166
586720519
399365299
141430366
450590982
84599381
636108132
390730025
956695782
643636074
736272491
811678189
881573751
449459297
566835567
413419248
16991207
745658790
180044364
862513955
845273852
157008255
986049694
25439096
384470140
233108815
363138004
946562775
302288883
633756521
780913790
829648798
420092999
828159598
259456303
688732615
525611017
20390196
803398911
496777150
913785665
913339478
23526575
375147218
181787903
824727480
45488564
634965759
638788750
620990613
183288256
702768649
880563068
234374925
93474917
685383089
313193233
987732614
755517039
564474176
424341710
92313588
534043121
907529353
516825897
955294713
682016062
21567842
215569686
316118910
144875563
235642207
995530777
681977339
645799621
101283907
460361720
406622898
105165538
390886898
979929195
363113416
87078104
640267836
392938389
400117446
691621847
382183438
789840641
649441156
184383656
949075689
512112748
373492326
753546594
981502550
202360727
414014456
586718951
135105895
372283077
514329963
572842502
638464795
112969818
243665761
951415102
284828668
644627391
271439446
12202708
265883725
797087791
559250105
20681926
197381183
172158830
601808366
559297117
280920837
686699771
250521974
697604078
357356977
4706860
232653132
18843094
45866460
218746909
917666523
171309986
346804855
786805422
578507336
971570237
417839656
884422388
802370519
571296764
207619843
241268238
489860287
756065472
129597779
289716241
74849845
485525563
476744859
151907195
626366625
68340807
280072516
713040028
727246636
609412499
36277579
514154639
95499603
454969741
870497937
144961761
748811394
115291843
434751700
67294716
652673458
627804448
196340634
135702956
30896618
16635512
778654217
296863526
24448665
493445224
928786108
161742267
137568826
976409301
229548913
343875380
203464757
277698840
122840031
150904028
781025573
915024388
248766796
634836634
277190698
728334395
204093253
89869873
405575436
375219945
797345515
56568330
435959450
391378934
458283971
688593095
962628007
7833507
593933100
507519478
839610492
352404056
614863620
858422650
428148033
679673786
955942161
248895334
149536817
986289706
619390604
943449142
196723046
316097279
771985594
342644191
100741040
446240824
621097988
916841905
753526698
343780213
827811450
346669562
731889796
804628901
755258857
5292614
621963805
859755251
423966761
759562982
148968580
443320703
787078835
925582031
251174221
642090042
71888657
758166959
718607828
725475362
645272445
308008428
87609271
893376459
140219663
749821223
590995870
955990284
503036341
690100125
654348205
604949352
569501250
337968959
815908386
878980289
963283671
777864992
162299151
102122995
732757025
309952556
203285345
423895263
616032094
364295393
645620320
61719347
871217222
761000345
611087485
454700521
239271036
481895389
395161064
306729524
36626005
391031821
270607900
607592100
896211505
188176800
347523118
867125597
685435021
840811753
366816486
585798059
327374917
99760435
684352212
628090271
35587497
372452810
490031174
140786964
695109236
966813159
702082984
54091116
806508444
788097479
155286798
616453744
554806284
335758765
129451488
979515563
287003990
860873823
402996828
88250745
42139236
871061633
386857273
183732910
447733837
620528232
510868189
669168572
573955049
605230546
903869478
116483048
859836733
396249658
192928368
20711366
684013952
341850397
121539201
439962772
73095346
538513041
769381533
402829016
156968845
959738929
822845842
169442204
924946169
674558552
22858969
946915886
236652639
607335808
846265188
70717967
9010216
635056748
347912441
147705230
700918291
534070293
568350091
285621194
804712965
494868072
708646157
26030291
402902235
753157038
255981963
767018405
903895903
783145377
991708602
593351337
471073536
774770524
953543731
505456333
531774635
34946628
962184489
191570342
6136579
990492552
274622066
63017878
765624200
342603680
335977682
934771011
693019381
369699793
197611231
35745824
473531513
103394010
654224192
801271775
492027577
747541646
857286279
466079479
145918965
594605449
716480295
298261190
978020802
983584979
85082959
964561022
361137723
115055782
543683924
769878779
913086449
197800
406519872
154641641
595007993
397135599
751124282
699436162
974088482
106069662
255493416
578265722
591717554
256844471
230044390
800240995
683301604
539939192
65671062
719860079
35696392
937990909
587796130
876051043
524781197
48904269
538186898
986918390
26430383
625888643
24499803
402622338
228573265
687346385
292612576
422530082
301412190
754370758
608324164
886656352
260086260
924859627
536511027
637065222
662169008
497568917
256158272
41662524
51853159
403424190
59029374
150272452
500728759
594551918
557510809
930037405
325326381
135033428
277420990
281461317
875279925
436132968
916323858
671856719
411616610
399657338
186544512
913804635
810207321
969952910
773829951
130423030
73083511
214676018
820880306
113347627
907464868
170399927
981646893
698942610
809400913
705143408
967247527
68348838
819130034
216797393
317775843
853815706
345990269
826901915
71194245
137654633
765220272
296322830
787959696
373692347
915048586
271042080
282565349
20193902
261508478
443799839
609909119
887414923
402177670
809438618
742855848
428177254
686237149
524721295
919377330
399890041
479085524
750532327
738667305
974224843
928332948
315310225
120776014
204343323
946864974
221591211
788009093
245417225
957927228
56661248
525842281
52860059
160041834
462433173
665388973
166647315
436082138
742867801
15336120
833300270
17060589
59599284
152383758
563980095
563709101
827813395
719927400
930203073
475664703
852949894
400933401
401010624
547891811
382988237
462803425
119028454
794645946
354351270
957570369
342668624
175736347
603247950
477920901
109088286
937588839
157431809
49302981
559897528
397595668
968294090
698097863
501600142
878972108
93511416
277361266
358798666
855566690
848081130
629118886
825945007
931097316
621416564
67129796
159590361
959857722
543114173
491188528
56968974
931790134
800808932
19821586
521925636
697828168
877308672
15353230
507454835
672460695
102258448
976237480
762886510
946003348
245240109
534301437
663234298
384290839
45659334
296695684
1161304
409720498
221113150
826932619
67092532
907159153
187485745
275772160
222116398
563211537
427445799
745513349
259335191
707767686
448791036
439061662
603471938
536845965
670628624
527260366
91922908
603117950
874163805
67152816
267117151
106825045
423267883
712377293
339019839
370663145
63255777
921736584
850856290
335691169
402188868
633360662
984206344
607899901
849963221
819591129
84070085
160694467
877896917
510043040
317754919
291317496
532724333
164709264
715996547
925553991
246099879
212805125
539238981
361977955
293146509
95184281
717836225
662408661
551859593
870201024
191853639
64233419
79852082
193972273
71537821
779407182
708415678
829113477
147087947
468745924
148609794
121069864
690077480
544199685
238380770
343971253
646048118
375290960
953961183
338073188
695576721
474464689
565525689
860659687
400330337
974953850
500685105
161030676
735245473
251101467
523610419
122193063
950986920
604835859
838929533
976692588
719825496
47739816
36445269
924001790
833742313
152351576
179905386
686257526
539235124
417997376
772245181
161356291
25023397
59199287
986409058
163599298
949182150
97858269
927634024
43623335
969629704
414377960
753691622
446772328
735916381
748155882
55489696
905508625
862800177
935568395
795964890
141779810
144139293
384414281
28162851
847404418
752088361
296403262
982494077
605017337
377927130
320437226
8902360
942586864
248892104
665855938
645975974
982378342
437383428
905507469
560330845
272538409
184543537
848012450
476259922
597397402
111507195
269267908
291690355
576537243
330204266
926271808
403144552
429676253
650610413
991042908
350218062
412304884
8639119
829708079
977938103
859975365
291531476
974041828
914129450
533612147
462600037
98072286
53018212
743895090
274281889
857983354
884307105
721817892
675350191
615363606
256189741
109772050
675005466
617932052
502485839
965763649
380672284
834978938
784982296
382387489
29226110
227711275
822885887
966112894
153045940
280299988
921189354
483769092
685803031
498646148
320869576
727756328
944260554
566374800
805168041
150721916
628414144
181098457
143620470
455054392
747953582
566266528
759047529
392438702
672746121
434513909
401920686
121942938
321498204
71529851
153363164
138251850
989078830
56022972
749516259
983382322
476319976
477516553
414818786
644425127
205584458
883385977
663652837
97762416
434914372
223394021
202004041
356604076
745194065
349260424
491071568
525079772
324860116
459830370
6338072
247074005
515467511
47151772
464682839
870766425
18537578
279192311
176440235
210041659
305424795
550474074
705197619
871038728
491835395
487014382
693979152
758054589
287316434
100886452
209040189
487047249
310687132
451660970
629239381
815137020
546098356
641323364
173947235
296468289
821601524
701816409
73961182
881658874
272507174
59566311
845946562
61593964
876498914
243363760
736064739
45729154
204549812
225200251
463979396
66929720
578365012
169454450
588402177
558775211
338851262
785873899
440340707
509308222
98468091
178593797
407974179
627235240
795435776
945079687
626611180
841759388
733175710
12213609
54084802
594002144
122348800
296510617
724357779
278725241
528035678
538831339
371453747
376708875
84365684
822615486
129900882
787410540
431611885
70759696
518014237
293775857
444616011
536714713
303461114
580040320
11154283
592013279
493313131
703039227
775808562
757366737
277717519
665634450
605260717
994671936
330853494
500201391
883109534
776107400
782384896
227750829
777893672
168404394
52631601
575548344
954612604
9883010
304169908
851629910
337218808
915006400
392679209
700500731
792552705
682193957
459481886
203492917
927032059
711204843
732061416
462107135
619272061
616892395
116009984
756184507
562961277
707629138
29976260
473381957
498150249
973848934
706181350
190988399
352577525
396815520
65064979
375593525
201702562
169318434
27131576
858830216
381199075
898150649
623430322
796324859
586480641
484388867
565309566
991771123
359806184
299091533
445509087
723704928
215384458
68715320
536401052
220337137
702085334
224057809
922065002
586721693
173021713
769803622
576813774
758163961
509421154
298863092
105934605
231356049
62701270
241842747
160565028
133702704
772334913
473216332
797474699
203141595
877092747
537420824
337035472
664163404
383411913
126670907
593005231
259312546
498076043
416316255
594912928
144756309
821808740
745345300
347555176
917879938
942394826
205584824
834987629
104831934
669337002
861737626
226027801
903688309
95522896
529193327
602398370
114912065
112231467
353799962
177679235
17591743
388246437
143797251
855460220
84189659
57384711
133787829
144189756
537540729
645397100
205910895
172645604
818265515
857837077
857981298
938545942
548064104
71847533
779428651
912787009
233454159
676297978
369418852
768764196
387185797
157145339
803938932
763896721
818516875
971055091
336307753
137854427
953967747
996668347
745234328
812214514
240859041
875617861
450476705
976025923
559163432
30959741
845641436
256356468
919753546
744014528
375098692
77251359
401060838
405807869
572858249
762507753
692899520
81179828
718036296
332002560
86192955
916287120
253412421
63920595
898286928
394231121
261581940
824310290
29632276
148809238
552556828
374419451
432314754
509840454
252803147
726843085
984220078
734783956
483691370
515379418
988324754
599093847
72943137
365467893
804486413
811733400
769560099
801263874
836946555
18787390
701059509
137803156
684894766
131047349
528842542
59188371
272348899
162565914
458179867
164161442
622960981
438885017
675902165
875113845
314355342
233865437
984500595
144809805
905261149
703099555
200648331
969742208
912642451
562531357
655311737
150692186
832565746
392064693
185398269
485728163
385857178
912440192
447626262
862233909
777530941
765445370
366373236
42374509
524141888
816859760
129980819
59782365
996578731
571700438
307179930
466698970
774345692
459432576
235481125
228203519
348790020
791850702
965601668
724929455
752202249
766172210
804428510
493662201
412990138
745179184
399036263
75621576
356913433
508248896
854589595
528703015
348317169
327074407
613250838
89159119
141285480
383864870
19392536
662891352
886019584
382194522
996042561
160314424
865249949
387287908
325643292
402640547
582603732
892584321
622397408
693208872
171923161
423293329
841867168
438354123
140000222
207334688
957811726
443950209
741038426
163622810
774725979
729503502
185151221
812188780
374200726
450652695
174159566
239143355
194563355
429862789
44499660
479390571
396556271
989427915
502341188
13961280
877943382
95604246
450254263
955456204
60548988
296759900
718077139
6980528
780820928
630404688
502222034
833817934
262891925
63907546
652296599
896430977
779580534
555757690
254470267
277274200
782638250
250534320
663004511
501070149
276221021
252512478
949718742
284234182
267346280
806314978
975417319
435122650
157654471
520848470
975589120
417179499
942239602
145496017
489219644
506758844
81761157
829982660
828748658
123134374
308280134
175521298
824888012
33032078
424589109
948212894
382662859
346563472
150510385
529872186
561597728
62027172
680999608
840545995
873806867
519826490
45260428
579261171
412073702
733918087
484035236
31205294
815762942
136920602
116367754
334561423
300661675
707277970
474079813
360961840
556431014
961647888
577478789
426594771
350497716
787420502
230474137
24930638
607409444
832137000
144703957
393011728
723982039
810525012
353442385
413982706
535910080
947676104
381310714
798569152
556476315
363146292
350264903
513622344
957623021
195551624
113762099
633283082
511298160
371258586
690579562
803108208
996213682
837515770
588291893
982084123
911718929
575048993
256941095
916121461
258906765
322132145
657311964
571576809
497849421
295984542
907047599
583533476
239705680
605169794
28215431
789477886
131443968
659857933
242204008
10623938
929395994
45492884
625967623
633593753
900971413
365137965
384098452
500987270
766043515
365335459
162888670
561492169
686690865
616475593
124348112
215766357
122401857
70112271
81682967
163466964
216802742
444035236
204642433
477896493
579996714
611580523
105573225
799804510
269813096
223487696
860626855
579755354
924171013
42868538
553498966
367845840
210655341
848572737
186274148
770524543
771865685
117767198
827945918
252739601
955686949
442181445
229365236
347024876
947301029
539865150
621965629
683297054
35628292
464920302
530070230
922950284
316156574
862773806
719913106
634826122
675540904
358994320
213319289
890999420
57480506
538164468
673696654
1460906
903379945
201132452
591175560
26476439
239947370
427048386
522518371
35182390
654293980
443188879
223034180
115560635
14679487
284700631
727004641
847275076
709418631
951739962
968755194
770684783
27852200
245820147
972076081
676502681
121086892
475382045
959278079
351300869
988630276
442577585
942730739
925680229
603713251
309996162
446777037
617019845
5027833
991897822
527060090
609833884
613555894
439192699
740862240
104378438
636386187
541961472
689390580
191794643
809540438
491196630
341601141
150002527
99950297
733876049
816327261
206937835
495511003
772408759
635108091
962404459
889791422
8587527
251998314
51741213
595277723
947660842
617840510
750444193
868950395
806167150
33838820
777379337
156279265
562644253
436604456
299526851
632642924
820440553
200059691
957868957
823531365
391261549
49062072
310236650
38207741
863942243
284576580
201068976
138840284
33620989
885610549
238434202
245051720
277573432
722064398
714737070
370027101
769479500
716418257
179416003
856525321
103531353
95531009
506879576
510642535
670396261
608964868
114429508
912137847
623455211
941048788
374251557
978370035
629779030
880977429
707501840
843483920
489038420
511258737
456112442
320315691
52826719
835254643
867241428
210553703
402867204
450377845
746097192
306678584
646620801
954949797
884292921
735348355
498752557
653144162
428217700
216080744
59835666
748255556
260344379
600241722
156338334
847237497
654220657
415432267
958074387
147178124
946758414
902748114
240276580
998171011
711929408
931627897
408919344
257391233
406377427
413294180
34002309
836071341
851247536
452743025
952977091
334996880
979377546
452322020
436420201
684939595
967809800
633513350
514366850
569480090
89062824
993946724
34939397
262850626
629107043
310357656
249935096
316919539
267981904
355513457
468720829
207124615
385872067
896140301
620406522
554903226
515534802
370692241
257373985
804422652
296893189
547997572
928755350
693834479
738109793
182941919
169793123
158678829
377266641
783731291
233111520
910118938
867967716
388476277
813043042
909587785
25830932
155941488
996419939
59213398
344048669
835523071
795911892
326100011
57426476
46284775
671210011
801117450
949040615
604604736
83408967
3408801
392275780
234562053
594795036
579235010
892290957
418513753
221420320
425213202
116954454
834749189
103073556
286169164
155154233
305135743
312588568
908972478
161439818
444139498
614733610
731767409
880850449
236023967
574496481
353307356
211048956
472765594
865308566
651434140
472667699
36112080
552058791
470448114
407368269
358723502
754120746
393868366
942250532
964781483
800663455
405638544
915067686
804426769
649184464
153454212
536877461
383413094
537259945
622927289
509826092
637398556
760522927
772171559
791766721
97499817
145827311
62923872
758481708
640008129
419266451
938444069
474813250
782539780
623216839
782641101
931988040
452773773
615561276
401793589
20293861
589511516
785034869
658133822
355270000
832897354
155425463
688978744
361080779
192076939
940888490
933029100
936967855
36214260
113500334
284556498
136485364
442488492
940134609
955202623
989824957
964065597
192206794
101138474
168180607
375673182
815499552
860050396
986716467
493325080
851310615
608484227
678186415
502909669
168862781
462410842
910188417
649566594
469988213
729108606
234054664
427592902
272357141
380244839
737533458
184837426
960394706
177218284
997068470
252848570
759773451
520258325
70801870
331079143
257100996
17164004
386489527
943596109
868709306
595514335
4567094
895006160
109982808
661759796
964801521
861647773
87133731
617569203
254543083
336646442
397090843
935625485
647912206
105463521
788269684
296700821
640284093
411207740
131174029
772501102
934831061
669165196
638590054
15910867
578295808
275098004
724535314
531666879
981226552
859221700
268616384
26616492
383232420
676622582
418897003
294284277
778626319
793450560
754658391
739709134
724704848
989961607
174765445
705632393
983832321
834547514
328381909
780696019
63046346
218882032
40975189
301327995
553384377
968412972
636811470
864462643
693746966
963956818
23056158
67912242
245212907
364800642
678290583
631517116
736338923
667125553
288960409
761926532
989146733
236961453
32318637
53574742
309516413
897617775
851511203
936172447
682193095
548416480
473481117
144268759
209932789
644228080
67186976
41351315
340232467
375282445
86796320
946517020
924537508
311200488
289697260
412537146
212749205
350135541
870487004
974821059
684527879
502571900
447782259
966570228
557235732
319674887
115579903
425711497
682232285
653540674
147812365
992077551
917613426
659944329
648739309
364785971
127191010
926488130
881450829
74587721
813505678
866816815
730777967
2137140
599374293
16001284
884759392
460270160
949842872
350233825
667778405
823204404
422962586
116737174
987472857
909919188
337644571
589738295
861665339
229270634
93834542
423945316
428188794
857214464
440697274
24469908
180199316
45378011
230332578
819322470
658363271
696445709
466385918
597636882
803789597
923895644
540909167
826829025
175214581
226044946
89102056
82487750
9560818
206388222
23085134
996504979
655717397
460302101
499859001
894307323
777071795
62764374
413012483
45829609
533705448
602365517
382055005
432072938
832780020
414847632
370118511
239017682
649372859
309896364
809027347
97377121
630282941
512162467
105711453
167746178
339598175
551076298
736871149
250987341
532673598
871247578
739526258
53397001
850469839
271810621
104855535
794806965
396792960
537582555
410785790
14491861
171836847
681611455
10928249
891145303
652400740
598993644
453190247
558338738
431944027
513423951
134461658
277094652
172183538
641665237
548528
758343624
264126444
701590601
555379236
807679316
789406976
67246474
628934008
897160559
905538946
940134649
30614309
929184825
782552631
313022129
88984212
81120308
713086379
120689763
74013883
653000593
776011443
464808206
972550225
443845432
706188815
366805197
506402251
255662444
252078387
607418757
110282071
350623526
470294444
789557643
812023208
319266064
878655638
119642692
838218086
232755629
274460562
514820966
702436518
148036758
941161755
521089818
209529054
28941928
272299172
457514580
39906323
133044802
209775542
80559476
254258284
674591942
734468997
66381113
817409819
471596548
881000745
799007857
102665627
933962629
359075697
855965642
241592857
492193407
394162451
286464750
383794902
932351798
943365466
616927529
99996336
107175549
584462254
527660596
269261527
214427791
636748148
523213765
745165008
593187962
822133734
663880315
696560619
126764030
941514667
310767730
139847256
66878857
32782011
633711113
452308307
949899961
932601570
385076003
359625251
775275869
432292437
991364613
905197279
590812716
736075434
973461866
139300905
291336594
596634555
240382391
612412370
586029138
27784808
48242347
587197625
197913467
925051720
918964107
755174395
390141494
220722349
874491016
241405014
731910978
420792776
225538573
205664944
595471431
409343237
235740965
964716739
248370414
581407127
260860639
896460076
948124698
139533032
849501917
220336298
86682353
797844835
532411549
320809038
469004950
275149383
558855133
957892716
625415358
723732147
415793107
483899671
325652280
18508571
21131204
647267954
106665072
844235646
631041784
505139045
546136221
341237506
503537487
270886056
715262773
636132791
852951646
196240873
64193900
893097646
344585997
922756214
650794462
586684315
206332529
659621167
71883567
